PS C:\Users\yuto1\OneDrive\Desktop\git_challenge> mkdir git_challenge


    ディレクトリ: C:\Users\yuto1\OneDrive\Desktop\git_challenge


Mode                 LastWriteTime         Length Name
----                 -------------         ------ ----
d-----        2025/08/07     21:18                git_challenge


PS C:\Users\yuto1\OneDrive\Desktop\git_challenge> cd git_challenge
PS C:\Users\yuto1\OneDrive\Desktop\git_challenge\git_challenge> git init
Initialized empty Git repository in C:/Users/yuto1/OneDrive/Desktop/git_challenge/git_challenge/.git/
PS C:\Users\yuto1\OneDrive\Desktop\git_challenge\git_challenge> git add hello_world.txt
PS C:\Users\yuto1\OneDrive\Desktop\git_challenge\git_challenge> git commit -m "Hello, world!"                 
[main (root-commit) 711f33b] Hello, world!
PS C:\Users\yuto1\OneDrive\Desktop\git_challenge\git_challenge> git commit -m "こんちは、世界！"
[main 1ddd169] こんちは、世界！
 1 file changed, 2 insertions(+)
PS C:\Users\yuto1\OneDrive\Desktop\git_challenge\git_challenge> git log --oneline
1ddd169 (HEAD -> main) こんちは、世界！
711f33b Hello, world!
PS C:\Users\yuto1\OneDrive\Desktop\git_challenge\git_challenge>


