PS C:\Users\yuto1\git_challenge> git init
Reinitialized existing Git repository in C:/Users/yuto1/git_challenge/.git/
PS C:\Users\yuto1\git_challenge> git add hello_world.txt
PS C:\Users\yuto1\git_challenge> git commit\m "Add hello_world.txt"
git: 'commit\m' is not a git command. See 'git --help'.
PS C:\Users\yuto1\git_challenge> git add こんにちは、世界！
fatal: pathspec 'こんにちは、世界！' did not match any files
PS C:\Users\yuto1\git_challenge> git commit_m"Add こんにちは、世界！"
git: 'commit_mAdd こんにちは、世界！' is not a git command. See 'git --help'.
PS C:\Users\yuto1\git_challenge> git log hello_world.txt
fatal: your current branch 'main' does not have any commits yet
PS C:\Users\yuto1\git_challenge> git diff
PS C:\Users\yuto1\git_challenge> git diff --staged
diff --git a/hello_world.txt b/hello_world.txt
new file mode 100644
index 0000000..af5626b
@@ -0,0 +1 @@
+Hello, world!
PS C:\Users\yuto1\git_challenge> git diff --staged
diff --git a/hello_world.txt b/hello_world.txt
new file mode 100644
index 0000000..af5626b
--- /dev/null
+++ b/hello_world.txt
@@ -0,0 +1 @@
+Hello, world!
PS C:\Users\yuto1\git_challenge>

                               >                                               
PS C:\Users\yuto1\git_challenge> git commit -m" Add hello_world.txt"           
[main (root-commit) 5399732]  Add hello_world.txt
 1 file changed, 1 insertion(+)
 create mode 100644 hello_world.txt
PS C:\Users\yuto1\git_challenge> git commit -m" Add hello_world.txt"
On branch main
Changes not staged for commit:
  (use "git add <file>..." to update what will be committed)
  (use "git restore <file>..." to discard changes in working directory)
        modified:   hello_world.txt

no changes added to commit (use "git add" and/or "git commit -a")
PS C:\Users\yuto1\git_challenge> it log --oneline
It : パラメーター 'test' の引数変換を処理できません。"--oneline" の値を "System.String" 型から "System.Management.Automation.ScriptBlock" 型に
変換できません。
発生場所 行:1 文字:8
+ it log --oneline
+        ~~~~~~~~~
    + CategoryInfo          : InvalidData: (:) [It]、ParameterBindingArgumentTransformationException
    + FullyQualifiedErrorId : ParameterArgumentTransformationError,It

PS C:\Users\yuto1\git_challenge> git commit -m"H ello, world!"      
On branch main
Changes not staged for commit:
  (use "git add <file>..." to update what will be committed)
  (use "git restore <file>..." to discard changes in working directory)
        modified:   hello_world.txt

no changes added to commit (use "git add" and/or "git commit -a")
PS C:\Users\yuto1\git_challenge> git commit -m"Hello, world!"  
On branch main
nothing to commit, working tree clean
PS C:\Users\yuto1\git_challenge> git commit -m"こんにちは、世界！"  
On branch main
Changes not staged for commit:
  (use "git add <file>..." to update what will be committed)
  (use "git restore <file>..." to discard changes in working directory)
        modified:   hello_world.txt

no changes added to commit (use "git add" and/or "git commit -a")
PS C:\Users\yuto1\git_challenge>  git commit -m"こんにちは、世界！"  
On branch main
nothing to commit, working tree clean
PS C:\Users\yuto1\git_challenge>   git commit -m"Add Hello, world!"   
On branch main
nothing to commit, working tree clean
PS C:\Users\yuto1\git_challenge> git commit -m"Add こんにちは、世界！"
On branch main
Changes not staged for commit:
  (use "git add <file>..." to update what will be committed)
  (use "git restore <file>..." to discard changes in working directory)
        modified:   hello_world.txt

no changes added to commit (use "git add" and/or "git commit -a")
PS C:\Users\yuto1\git_challenge> it log --oneline
It : パラメーター 'test' の引数変換を処理できません。"--oneline" の値を "System.String" 型から "System.Management.Automation.ScriptBlock" 型に
変換できません。
発生場所 行:1 文字:8
+ it log --oneline
+        ~~~~~~~~~
    + CategoryInfo          : InvalidData: (:) [It]、ParameterBindingArgumentTransformationException
    + FullyQualifiedErrorId : ParameterArgumentTransformationError,It

PS C:\Users\yuto1\git_challenge> git log --oneline
5399732 (HEAD -> main)  Add hello_world.txt
PS C:\Users\yuto1\git_challenge> 